<?xml version="1.0" encoding="ISO-8859-1" ?>
<link_info>
   <banner>MSP430 Linker Unix v18.1.2.LTS</banner>
   <copyright>Copyright (c) 2003-2017 Texas Instruments Incorporated</copyright>
   <link_time>0x5ba81c02</link_time>
   <link_errors>0x0</link_errors>
   <output_file>TX_V5.out</output_file>
   <entry_point>
      <name>_c_int00_noargs_mpu</name>
      <address>0x750a</address>
   </entry_point>
   <input_file_list>
      <input_file id="fl-1">
         <path>./</path>
         <kind>object</kind>
         <file>adc.obj</file>
         <name>adc.obj</name>
      </input_file>
      <input_file id="fl-2">
         <path>./</path>
         <kind>object</kind>
         <file>algorithm.obj</file>
         <name>algorithm.obj</name>
      </input_file>
      <input_file id="fl-3">
         <path>./</path>
         <kind>object</kind>
         <file>main.obj</file>
         <name>main.obj</name>
      </input_file>
      <input_file id="fl-4">
         <path>./</path>
         <kind>object</kind>
         <file>timer.obj</file>
         <name>timer.obj</name>
      </input_file>
      <input_file id="fl-b">
         <kind>object</kind>
         <file>&lt;internal&gt;</file>
         <name>&lt;internal&gt;</name>
      </input_file>
      <input_file id="fl-2b">
         <path>/Applications/ti/ccsv8/tools/compiler/ti-cgt-msp430_18.1.2.LTS/lib/</path>
         <kind>archive</kind>
         <file>rts430x_lc_rd_eabi.lib</file>
         <name>copy_decompress_lzss.c.obj</name>
      </input_file>
      <input_file id="fl-2c">
         <path>/Applications/ti/ccsv8/tools/compiler/ti-cgt-msp430_18.1.2.LTS/lib/</path>
         <kind>archive</kind>
         <file>rts430x_lc_rd_eabi.lib</file>
         <name>copy_decompress_none.c.obj</name>
      </input_file>
      <input_file id="fl-2d">
         <path>/Applications/ti/ccsv8/tools/compiler/ti-cgt-msp430_18.1.2.LTS/lib/</path>
         <kind>archive</kind>
         <file>rts430x_lc_rd_eabi.lib</file>
         <name>int30.asm.obj</name>
      </input_file>
      <input_file id="fl-2e">
         <path>/Applications/ti/ccsv8/tools/compiler/ti-cgt-msp430_18.1.2.LTS/lib/</path>
         <kind>archive</kind>
         <file>rts430x_lc_rd_eabi.lib</file>
         <name>isr_trap.asm.obj</name>
      </input_file>
      <input_file id="fl-2f">
         <path>/Applications/ti/ccsv8/tools/compiler/ti-cgt-msp430_18.1.2.LTS/lib/</path>
         <kind>archive</kind>
         <file>rts430x_lc_rd_eabi.lib</file>
         <name>int31.asm.obj</name>
      </input_file>
      <input_file id="fl-30">
         <path>/Applications/ti/ccsv8/tools/compiler/ti-cgt-msp430_18.1.2.LTS/lib/</path>
         <kind>archive</kind>
         <file>rts430x_lc_rd_eabi.lib</file>
         <name>int32.asm.obj</name>
      </input_file>
      <input_file id="fl-31">
         <path>/Applications/ti/ccsv8/tools/compiler/ti-cgt-msp430_18.1.2.LTS/lib/</path>
         <kind>archive</kind>
         <file>rts430x_lc_rd_eabi.lib</file>
         <name>int33.asm.obj</name>
      </input_file>
      <input_file id="fl-32">
         <path>/Applications/ti/ccsv8/tools/compiler/ti-cgt-msp430_18.1.2.LTS/lib/</path>
         <kind>archive</kind>
         <file>rts430x_lc_rd_eabi.lib</file>
         <name>int34.asm.obj</name>
      </input_file>
      <input_file id="fl-33">
         <path>/Applications/ti/ccsv8/tools/compiler/ti-cgt-msp430_18.1.2.LTS/lib/</path>
         <kind>archive</kind>
         <file>rts430x_lc_rd_eabi.lib</file>
         <name>int35.asm.obj</name>
      </input_file>
      <input_file id="fl-34">
         <path>/Applications/ti/ccsv8/tools/compiler/ti-cgt-msp430_18.1.2.LTS/lib/</path>
         <kind>archive</kind>
         <file>rts430x_lc_rd_eabi.lib</file>
         <name>int36.asm.obj</name>
      </input_file>
      <input_file id="fl-35">
         <path>/Applications/ti/ccsv8/tools/compiler/ti-cgt-msp430_18.1.2.LTS/lib/</path>
         <kind>archive</kind>
         <file>rts430x_lc_rd_eabi.lib</file>
         <name>int37.asm.obj</name>
      </input_file>
      <input_file id="fl-36">
         <path>/Applications/ti/ccsv8/tools/compiler/ti-cgt-msp430_18.1.2.LTS/lib/</path>
         <kind>archive</kind>
         <file>rts430x_lc_rd_eabi.lib</file>
         <name>int38.asm.obj</name>
      </input_file>
      <input_file id="fl-37">
         <path>/Applications/ti/ccsv8/tools/compiler/ti-cgt-msp430_18.1.2.LTS/lib/</path>
         <kind>archive</kind>
         <file>rts430x_lc_rd_eabi.lib</file>
         <name>int39.asm.obj</name>
      </input_file>
      <input_file id="fl-38">
         <path>/Applications/ti/ccsv8/tools/compiler/ti-cgt-msp430_18.1.2.LTS/lib/</path>
         <kind>archive</kind>
         <file>rts430x_lc_rd_eabi.lib</file>
         <name>int40.asm.obj</name>
      </input_file>
      <input_file id="fl-39">
         <path>/Applications/ti/ccsv8/tools/compiler/ti-cgt-msp430_18.1.2.LTS/lib/</path>
         <kind>archive</kind>
         <file>rts430x_lc_rd_eabi.lib</file>
         <name>int41.asm.obj</name>
      </input_file>
      <input_file id="fl-3a">
         <path>/Applications/ti/ccsv8/tools/compiler/ti-cgt-msp430_18.1.2.LTS/lib/</path>
         <kind>archive</kind>
         <file>rts430x_lc_rd_eabi.lib</file>
         <name>int42.asm.obj</name>
      </input_file>
      <input_file id="fl-3b">
         <path>/Applications/ti/ccsv8/tools/compiler/ti-cgt-msp430_18.1.2.LTS/lib/</path>
         <kind>archive</kind>
         <file>rts430x_lc_rd_eabi.lib</file>
         <name>int43.asm.obj</name>
      </input_file>
      <input_file id="fl-3c">
         <path>/Applications/ti/ccsv8/tools/compiler/ti-cgt-msp430_18.1.2.LTS/lib/</path>
         <kind>archive</kind>
         <file>rts430x_lc_rd_eabi.lib</file>
         <name>int44.asm.obj</name>
      </input_file>
      <input_file id="fl-3d">
         <path>/Applications/ti/ccsv8/tools/compiler/ti-cgt-msp430_18.1.2.LTS/lib/</path>
         <kind>archive</kind>
         <file>rts430x_lc_rd_eabi.lib</file>
         <name>int47.asm.obj</name>
      </input_file>
      <input_file id="fl-3e">
         <path>/Applications/ti/ccsv8/tools/compiler/ti-cgt-msp430_18.1.2.LTS/lib/</path>
         <kind>archive</kind>
         <file>rts430x_lc_rd_eabi.lib</file>
         <name>int48.asm.obj</name>
      </input_file>
      <input_file id="fl-3f">
         <path>/Applications/ti/ccsv8/tools/compiler/ti-cgt-msp430_18.1.2.LTS/lib/</path>
         <kind>archive</kind>
         <file>rts430x_lc_rd_eabi.lib</file>
         <name>int49.asm.obj</name>
      </input_file>
      <input_file id="fl-40">
         <path>/Applications/ti/ccsv8/tools/compiler/ti-cgt-msp430_18.1.2.LTS/lib/</path>
         <kind>archive</kind>
         <file>rts430x_lc_rd_eabi.lib</file>
         <name>int50.asm.obj</name>
      </input_file>
      <input_file id="fl-41">
         <path>/Applications/ti/ccsv8/tools/compiler/ti-cgt-msp430_18.1.2.LTS/lib/</path>
         <kind>archive</kind>
         <file>rts430x_lc_rd_eabi.lib</file>
         <name>int51.asm.obj</name>
      </input_file>
      <input_file id="fl-42">
         <path>/Applications/ti/ccsv8/tools/compiler/ti-cgt-msp430_18.1.2.LTS/lib/</path>
         <kind>archive</kind>
         <file>rts430x_lc_rd_eabi.lib</file>
         <name>int52.asm.obj</name>
      </input_file>
      <input_file id="fl-43">
         <path>/Applications/ti/ccsv8/tools/compiler/ti-cgt-msp430_18.1.2.LTS/lib/</path>
         <kind>archive</kind>
         <file>rts430x_lc_rd_eabi.lib</file>
         <name>int53.asm.obj</name>
      </input_file>
      <input_file id="fl-44">
         <path>/Applications/ti/ccsv8/tools/compiler/ti-cgt-msp430_18.1.2.LTS/lib/</path>
         <kind>archive</kind>
         <file>rts430x_lc_rd_eabi.lib</file>
         <name>int54.asm.obj</name>
      </input_file>
      <input_file id="fl-45">
         <path>/Applications/ti/ccsv8/tools/compiler/ti-cgt-msp430_18.1.2.LTS/lib/</path>
         <kind>archive</kind>
         <file>rts430x_lc_rd_eabi.lib</file>
         <name>copy_zero_init.c.obj</name>
      </input_file>
      <input_file id="fl-46">
         <path>/Applications/ti/ccsv8/tools/compiler/ti-cgt-msp430_18.1.2.LTS/lib/</path>
         <kind>archive</kind>
         <file>rts430x_lc_rd_eabi.lib</file>
         <name>addd.c.obj</name>
      </input_file>
      <input_file id="fl-47">
         <path>/Applications/ti/ccsv8/tools/compiler/ti-cgt-msp430_18.1.2.LTS/lib/</path>
         <kind>archive</kind>
         <file>rts430x_lc_rd_eabi.lib</file>
         <name>frcaddd.c.obj</name>
      </input_file>
      <input_file id="fl-48">
         <path>/Applications/ti/ccsv8/tools/compiler/ti-cgt-msp430_18.1.2.LTS/lib/</path>
         <kind>archive</kind>
         <file>rts430x_lc_rd_eabi.lib</file>
         <name>renormd.c.obj</name>
      </input_file>
      <input_file id="fl-49">
         <path>/Applications/ti/ccsv8/tools/compiler/ti-cgt-msp430_18.1.2.LTS/lib/</path>
         <kind>archive</kind>
         <file>rts430x_lc_rd_eabi.lib</file>
         <name>cmpd.c.obj</name>
      </input_file>
      <input_file id="fl-4a">
         <path>/Applications/ti/ccsv8/tools/compiler/ti-cgt-msp430_18.1.2.LTS/lib/</path>
         <kind>archive</kind>
         <file>rts430x_lc_rd_eabi.lib</file>
         <name>divd.c.obj</name>
      </input_file>
      <input_file id="fl-4b">
         <path>/Applications/ti/ccsv8/tools/compiler/ti-cgt-msp430_18.1.2.LTS/lib/</path>
         <kind>archive</kind>
         <file>rts430x_lc_rd_eabi.lib</file>
         <name>frcdivd.c.obj</name>
      </input_file>
      <input_file id="fl-4c">
         <path>/Applications/ti/ccsv8/tools/compiler/ti-cgt-msp430_18.1.2.LTS/lib/</path>
         <kind>archive</kind>
         <file>rts430x_lc_rd_eabi.lib</file>
         <name>fltid.c.obj</name>
      </input_file>
      <input_file id="fl-4d">
         <path>/Applications/ti/ccsv8/tools/compiler/ti-cgt-msp430_18.1.2.LTS/lib/</path>
         <kind>archive</kind>
         <file>rts430x_lc_rd_eabi.lib</file>
         <name>fltlid.c.obj</name>
      </input_file>
      <input_file id="fl-4e">
         <path>/Applications/ti/ccsv8/tools/compiler/ti-cgt-msp430_18.1.2.LTS/lib/</path>
         <kind>archive</kind>
         <file>rts430x_lc_rd_eabi.lib</file>
         <name>fltud.c.obj</name>
      </input_file>
      <input_file id="fl-4f">
         <path>/Applications/ti/ccsv8/tools/compiler/ti-cgt-msp430_18.1.2.LTS/lib/</path>
         <kind>archive</kind>
         <file>rts430x_lc_rd_eabi.lib</file>
         <name>fltuld.c.obj</name>
      </input_file>
      <input_file id="fl-50">
         <path>/Applications/ti/ccsv8/tools/compiler/ti-cgt-msp430_18.1.2.LTS/lib/</path>
         <kind>archive</kind>
         <file>rts430x_lc_rd_eabi.lib</file>
         <name>mpyd.c.obj</name>
      </input_file>
      <input_file id="fl-51">
         <path>/Applications/ti/ccsv8/tools/compiler/ti-cgt-msp430_18.1.2.LTS/lib/</path>
         <kind>archive</kind>
         <file>rts430x_lc_rd_eabi.lib</file>
         <name>frcmpyd.c.obj</name>
      </input_file>
      <input_file id="fl-52">
         <path>/Applications/ti/ccsv8/tools/compiler/ti-cgt-msp430_18.1.2.LTS/lib/</path>
         <kind>archive</kind>
         <file>rts430x_lc_rd_eabi.lib</file>
         <name>mult16.asm.obj</name>
      </input_file>
      <input_file id="fl-53">
         <path>/Applications/ti/ccsv8/tools/compiler/ti-cgt-msp430_18.1.2.LTS/lib/</path>
         <kind>archive</kind>
         <file>rts430x_lc_rd_eabi.lib</file>
         <name>mult16_f5hw.asm.obj</name>
      </input_file>
      <input_file id="fl-54">
         <path>/Applications/ti/ccsv8/tools/compiler/ti-cgt-msp430_18.1.2.LTS/lib/</path>
         <kind>archive</kind>
         <file>rts430x_lc_rd_eabi.lib</file>
         <name>mult32.asm.obj</name>
      </input_file>
      <input_file id="fl-55">
         <path>/Applications/ti/ccsv8/tools/compiler/ti-cgt-msp430_18.1.2.LTS/lib/</path>
         <kind>archive</kind>
         <file>rts430x_lc_rd_eabi.lib</file>
         <name>mult32_f5hw.asm.obj</name>
      </input_file>
      <input_file id="fl-56">
         <path>/Applications/ti/ccsv8/tools/compiler/ti-cgt-msp430_18.1.2.LTS/lib/</path>
         <kind>archive</kind>
         <file>rts430x_lc_rd_eabi.lib</file>
         <name>mult64_f5hw.asm.obj</name>
      </input_file>
      <input_file id="fl-57">
         <path>/Applications/ti/ccsv8/tools/compiler/ti-cgt-msp430_18.1.2.LTS/lib/</path>
         <kind>archive</kind>
         <file>rts430x_lc_rd_eabi.lib</file>
         <name>mult1632_f5hw.asm.obj</name>
      </input_file>
      <input_file id="fl-58">
         <path>/Applications/ti/ccsv8/tools/compiler/ti-cgt-msp430_18.1.2.LTS/lib/</path>
         <kind>archive</kind>
         <file>rts430x_lc_rd_eabi.lib</file>
         <name>mult3264_f5hw.asm.obj</name>
      </input_file>
      <input_file id="fl-59">
         <path>/Applications/ti/ccsv8/tools/compiler/ti-cgt-msp430_18.1.2.LTS/lib/</path>
         <kind>archive</kind>
         <file>rts430x_lc_rd_eabi.lib</file>
         <name>lsl32.asm.obj</name>
      </input_file>
      <input_file id="fl-5a">
         <path>/Applications/ti/ccsv8/tools/compiler/ti-cgt-msp430_18.1.2.LTS/lib/</path>
         <kind>archive</kind>
         <file>rts430x_lc_rd_eabi.lib</file>
         <name>asr32.asm.obj</name>
      </input_file>
      <input_file id="fl-5b">
         <path>/Applications/ti/ccsv8/tools/compiler/ti-cgt-msp430_18.1.2.LTS/lib/</path>
         <kind>archive</kind>
         <file>rts430x_lc_rd_eabi.lib</file>
         <name>lsr32.asm.obj</name>
      </input_file>
      <input_file id="fl-5c">
         <path>/Applications/ti/ccsv8/tools/compiler/ti-cgt-msp430_18.1.2.LTS/lib/</path>
         <kind>archive</kind>
         <file>rts430x_lc_rd_eabi.lib</file>
         <name>lsr64.c.obj</name>
      </input_file>
      <input_file id="fl-5d">
         <path>/Applications/ti/ccsv8/tools/compiler/ti-cgt-msp430_18.1.2.LTS/lib/</path>
         <kind>archive</kind>
         <file>rts430x_lc_rd_eabi.lib</file>
         <name>subd.c.obj</name>
      </input_file>
      <input_file id="fl-5e">
         <path>/Applications/ti/ccsv8/tools/compiler/ti-cgt-msp430_18.1.2.LTS/lib/</path>
         <kind>archive</kind>
         <file>rts430x_lc_rd_eabi.lib</file>
         <name>boot.c.obj</name>
      </input_file>
      <input_file id="fl-5f">
         <path>/Applications/ti/ccsv8/ccs_base/msp430/lib/FR59xx/</path>
         <kind>archive</kind>
         <file>MSPMPU_INIT_LIB_CCS_msp430_large_code_restricted_data.lib</file>
         <name>mpu_init.o</name>
      </input_file>
      <input_file id="fl-60">
         <path>/Applications/ti/ccsv8/tools/compiler/ti-cgt-msp430_18.1.2.LTS/lib/</path>
         <kind>archive</kind>
         <file>rts430x_lc_rd_eabi.lib</file>
         <name>args_main.c.obj</name>
      </input_file>
      <input_file id="fl-61">
         <path>/Applications/ti/ccsv8/tools/compiler/ti-cgt-msp430_18.1.2.LTS/lib/</path>
         <kind>archive</kind>
         <file>rts430x_lc_rd_eabi.lib</file>
         <name>autoinit.c.obj</name>
      </input_file>
      <input_file id="fl-62">
         <path>/Applications/ti/ccsv8/tools/compiler/ti-cgt-msp430_18.1.2.LTS/lib/</path>
         <kind>archive</kind>
         <file>rts430x_lc_rd_eabi.lib</file>
         <name>startup.c.obj</name>
      </input_file>
      <input_file id="fl-63">
         <path>/Applications/ti/ccsv8/tools/compiler/ti-cgt-msp430_18.1.2.LTS/lib/</path>
         <kind>archive</kind>
         <file>rts430x_lc_rd_eabi.lib</file>
         <name>pre_init.c.obj</name>
      </input_file>
      <input_file id="fl-64">
         <path>/Applications/ti/ccsv8/tools/compiler/ti-cgt-msp430_18.1.2.LTS/lib/</path>
         <kind>archive</kind>
         <file>rts430x_lc_rd_eabi.lib</file>
         <name>cpy_tbl.c.obj</name>
      </input_file>
      <input_file id="fl-65">
         <path>/Applications/ti/ccsv8/tools/compiler/ti-cgt-msp430_18.1.2.LTS/lib/</path>
         <kind>archive</kind>
         <file>rts430x_lc_rd_eabi.lib</file>
         <name>exit.c.obj</name>
      </input_file>
      <input_file id="fl-66">
         <path>/Applications/ti/ccsv8/tools/compiler/ti-cgt-msp430_18.1.2.LTS/lib/</path>
         <kind>archive</kind>
         <file>rts430x_lc_rd_eabi.lib</file>
         <name>exit_gvars.c.obj</name>
      </input_file>
      <input_file id="fl-67">
         <path>/Applications/ti/ccsv8/tools/compiler/ti-cgt-msp430_18.1.2.LTS/lib/</path>
         <kind>archive</kind>
         <file>rts430x_lc_rd_eabi.lib</file>
         <name>_lock.c.obj</name>
      </input_file>
      <input_file id="fl-68">
         <path>/Applications/ti/ccsv8/tools/compiler/ti-cgt-msp430_18.1.2.LTS/lib/</path>
         <kind>archive</kind>
         <file>rts430x_lc_rd_eabi.lib</file>
         <name>memcpy.c.obj</name>
      </input_file>
   </input_file_list>
   <object_component_list>
      <object_component id="oc-4ec">
         <name>.TI.noinit:buffer</name>
         <uninitialized>true</uninitialized>
         <run_address>0x4400</run_address>
         <size>0x1770</size>
         <input_file_ref idref="fl-2"/>
      </object_component>
      <object_component id="oc-4e9">
         <name>.TI.noinit:calbBuffer</name>
         <uninitialized>true</uninitialized>
         <run_address>0x5b70</run_address>
         <size>0x1770</size>
         <input_file_ref idref="fl-2"/>
      </object_component>
      <object_component id="oc-4ef">
         <name>.TI.noinit</name>
         <uninitialized>true</uninitialized>
         <run_address>0x72e0</run_address>
         <size>0x24</size>
         <input_file_ref idref="fl-2"/>
      </object_component>
      <object_component id="oc-6a5">
         <name>.cinit..data.load</name>
         <load_address>0x755c</load_address>
         <run_address>0x755c</run_address>
         <size>0xe</size>
      </object_component>
      <object_component id="oc-6a2">
         <name>__TI_handler_table</name>
         <load_address>0x756a</load_address>
         <run_address>0x756a</run_address>
         <size>0xc</size>
      </object_component>
      <object_component id="oc-6a4">
         <name>.cinit..bss.load</name>
         <load_address>0x7576</load_address>
         <run_address>0x7576</run_address>
         <size>0x6</size>
      </object_component>
      <object_component id="oc-6a3">
         <name>__TI_cinit_table</name>
         <load_address>0x757c</load_address>
         <run_address>0x757c</run_address>
         <size>0x10</size>
      </object_component>
      <object_component id="oc-632">
         <name>.binit</name>
         <load_address>0x4400</load_address>
         <run_address>0x4400</run_address>
         <size>0x0</size>
      </object_component>
      <object_component id="oc-4f6">
         <name>.const</name>
         <load_address>0x7540</load_address>
         <run_address>0x7540</run_address>
         <size>0x1c</size>
         <input_file_ref idref="fl-2"/>
      </object_component>
      <object_component id="oc-3eb">
         <name>.text:_isr:ADC12_ISR</name>
         <load_address>0x7400</load_address>
         <run_address>0x7400</run_address>
         <size>0x10a</size>
         <input_file_ref idref="fl-1"/>
      </object_component>
      <object_component id="oc-41b">
         <name>.text:_isr:_c_int00_noargs_mpu</name>
         <load_address>0x750a</load_address>
         <run_address>0x750a</run_address>
         <size>0x20</size>
         <input_file_ref idref="fl-5e"/>
      </object_component>
      <object_component id="oc-3e5">
         <name>.text:_isr:Timer0_A0_ISR</name>
         <load_address>0x752a</load_address>
         <run_address>0x752a</run_address>
         <size>0xe</size>
         <input_file_ref idref="fl-4"/>
      </object_component>
      <object_component id="oc-3e0">
         <name>.text:_isr:__TI_ISR_TRAP</name>
         <load_address>0x7538</load_address>
         <run_address>0x7538</run_address>
         <size>0x8</size>
         <input_file_ref idref="fl-2e"/>
      </object_component>
      <object_component id="oc-49a">
         <name>.text:calibration</name>
         <load_address>0x10000</load_address>
         <run_address>0x10000</run_address>
         <size>0x7dc</size>
         <input_file_ref idref="fl-2"/>
      </object_component>
      <object_component id="oc-58e">
         <name>.text:__TI_frcdivd</name>
         <load_address>0x107dc</load_address>
         <run_address>0x107dc</run_address>
         <size>0x466</size>
         <input_file_ref idref="fl-4b"/>
      </object_component>
      <object_component id="oc-508">
         <name>.text:__mspabi_addd</name>
         <load_address>0x10c42</load_address>
         <run_address>0x10c42</run_address>
         <size>0x2e0</size>
         <input_file_ref idref="fl-46"/>
      </object_component>
      <object_component id="oc-570">
         <name>.text:__TI_frcmpyd</name>
         <load_address>0x10f22</load_address>
         <run_address>0x10f22</run_address>
         <size>0x280</size>
         <input_file_ref idref="fl-51"/>
      </object_component>
      <object_component id="oc-4fc">
         <name>.text:__mspabi_mpyd</name>
         <load_address>0x111a2</load_address>
         <run_address>0x111a2</run_address>
         <size>0x266</size>
         <input_file_ref idref="fl-50"/>
      </object_component>
      <object_component id="oc-584">
         <name>.text:__TI_frcaddd</name>
         <load_address>0x11408</load_address>
         <run_address>0x11408</run_address>
         <size>0x248</size>
         <input_file_ref idref="fl-47"/>
      </object_component>
      <object_component id="oc-51b">
         <name>.text:__mspabi_divd</name>
         <load_address>0x11650</load_address>
         <run_address>0x11650</run_address>
         <size>0x222</size>
         <input_file_ref idref="fl-4a"/>
      </object_component>
      <object_component id="oc-494">
         <name>.text:monitor</name>
         <load_address>0x11872</load_address>
         <run_address>0x11872</run_address>
         <size>0x204</size>
         <input_file_ref idref="fl-2"/>
      </object_component>
      <object_component id="oc-452">
         <name>.text:main</name>
         <load_address>0x11a76</load_address>
         <run_address>0x11a76</run_address>
         <size>0x11e</size>
         <input_file_ref idref="fl-3"/>
      </object_component>
      <object_component id="oc-50e">
         <name>.text:__mspabi_cmpd</name>
         <load_address>0x11b94</load_address>
         <run_address>0x11b94</run_address>
         <size>0xd8</size>
         <input_file_ref idref="fl-49"/>
      </object_component>
      <object_component id="oc-5fb">
         <name>.text:__TI_renormd</name>
         <load_address>0x11c6c</load_address>
         <run_address>0x11c6c</run_address>
         <size>0xb2</size>
         <input_file_ref idref="fl-48"/>
      </object_component>
      <object_component id="oc-57d">
         <name>.text:__mspabi_fltlid</name>
         <load_address>0x11d1e</load_address>
         <run_address>0x11d1e</run_address>
         <size>0x9e</size>
         <input_file_ref idref="fl-4d"/>
      </object_component>
      <object_component id="oc-47c">
         <name>.text:buffer_init</name>
         <load_address>0x11dbc</load_address>
         <run_address>0x11dbc</run_address>
         <size>0x8e</size>
         <input_file_ref idref="fl-2"/>
      </object_component>
      <object_component id="oc-596">
         <name>.text:__mspabi_fltuld</name>
         <load_address>0x11e4a</load_address>
         <run_address>0x11e4a</run_address>
         <size>0x80</size>
         <input_file_ref idref="fl-4f"/>
      </object_component>
      <object_component id="oc-77">
         <name>.text:decompress:lzss:__TI_decompress_lzss</name>
         <load_address>0x11eca</load_address>
         <run_address>0x11eca</run_address>
         <size>0x76</size>
         <input_file_ref idref="fl-2b"/>
      </object_component>
      <object_component id="oc-4ce">
         <name>.text:__TI_auto_init_nobinit_nopinit_hold_wdt:__TI_auto_init_nobinit_nopinit_hold_wdt</name>
         <load_address>0x11f40</load_address>
         <run_address>0x11f40</run_address>
         <size>0x54</size>
         <input_file_ref idref="fl-61"/>
      </object_component>
      <object_component id="oc-5d2">
         <name>.text:l_asr_const</name>
         <load_address>0x11f94</load_address>
         <run_address>0x11f94</run_address>
         <size>0x3e</size>
         <input_file_ref idref="fl-5a"/>
      </object_component>
      <object_component id="oc-5dc">
         <name>.text:l_lsl_const</name>
         <load_address>0x11fd2</load_address>
         <run_address>0x11fd2</run_address>
         <size>0x3e</size>
         <input_file_ref idref="fl-59"/>
      </object_component>
      <object_component id="oc-5e1">
         <name>.text:l_lsr_const</name>
         <load_address>0x12010</load_address>
         <run_address>0x12010</run_address>
         <size>0x3e</size>
         <input_file_ref idref="fl-5b"/>
      </object_component>
      <object_component id="oc-527">
         <name>.text:__mspabi_subd</name>
         <load_address>0x1204e</load_address>
         <run_address>0x1204e</run_address>
         <size>0x32</size>
         <input_file_ref idref="fl-5d"/>
      </object_component>
      <object_component id="oc-464">
         <name>.text:__mpu_init</name>
         <load_address>0x12080</load_address>
         <run_address>0x12080</run_address>
         <size>0x2c</size>
         <input_file_ref idref="fl-5f"/>
      </object_component>
      <object_component id="oc-3f1">
         <name>.text:decompress:ZI:__TI_zero_init_nomemset:__TI_zero_init_nomemset</name>
         <load_address>0x120ac</load_address>
         <run_address>0x120ac</run_address>
         <size>0x24</size>
         <input_file_ref idref="fl-45"/>
      </object_component>
      <object_component id="oc-5d7">
         <name>.text</name>
         <load_address>0x120d0</load_address>
         <run_address>0x120d0</run_address>
         <size>0x24</size>
         <input_file_ref idref="fl-55"/>
      </object_component>
      <object_component id="oc-482">
         <name>.text:timer_start</name>
         <load_address>0x120f4</load_address>
         <run_address>0x120f4</run_address>
         <size>0x22</size>
         <input_file_ref idref="fl-4"/>
      </object_component>
      <object_component id="oc-5bf">
         <name>.text</name>
         <load_address>0x12116</load_address>
         <run_address>0x12116</run_address>
         <size>0x18</size>
         <input_file_ref idref="fl-53"/>
      </object_component>
      <object_component id="oc-488">
         <name>.text:adc_init</name>
         <load_address>0x1212e</load_address>
         <run_address>0x1212e</run_address>
         <size>0x16</size>
         <input_file_ref idref="fl-1"/>
      </object_component>
      <object_component id="oc-4a3">
         <name>.text:timer_cont</name>
         <load_address>0x12144</load_address>
         <run_address>0x12144</run_address>
         <size>0x16</size>
         <input_file_ref idref="fl-4"/>
      </object_component>
      <object_component id="oc-3d3">
         <name>.text:memcpy</name>
         <load_address>0x1215a</load_address>
         <run_address>0x1215a</run_address>
         <size>0x14</size>
         <input_file_ref idref="fl-68"/>
      </object_component>
      <object_component id="oc-7d">
         <name>.text:decompress:none:__TI_decompress_none</name>
         <load_address>0x1216e</load_address>
         <run_address>0x1216e</run_address>
         <size>0x12</size>
         <input_file_ref idref="fl-2c"/>
      </object_component>
      <object_component id="oc-5f6">
         <name>.text:l_asr</name>
         <load_address>0x12180</load_address>
         <run_address>0x12180</run_address>
         <size>0x10</size>
         <input_file_ref idref="fl-5a"/>
      </object_component>
      <object_component id="oc-5ec">
         <name>.text:l_lsl</name>
         <load_address>0x12190</load_address>
         <run_address>0x12190</run_address>
         <size>0x10</size>
         <input_file_ref idref="fl-59"/>
      </object_component>
      <object_component id="oc-5f1">
         <name>.text:l_lsr</name>
         <load_address>0x121a0</load_address>
         <run_address>0x121a0</run_address>
         <size>0x10</size>
         <input_file_ref idref="fl-5b"/>
      </object_component>
      <object_component id="oc-502">
         <name>.text:__mspabi_fltid</name>
         <load_address>0x121b0</load_address>
         <run_address>0x121b0</run_address>
         <size>0xc</size>
         <input_file_ref idref="fl-4c"/>
      </object_component>
      <object_component id="oc-48e">
         <name>.text:adc_start</name>
         <load_address>0x121bc</load_address>
         <run_address>0x121bc</run_address>
         <size>0x8</size>
         <input_file_ref idref="fl-1"/>
      </object_component>
      <object_component id="oc-515">
         <name>.text:timer_stop</name>
         <load_address>0x121c4</load_address>
         <run_address>0x121c4</run_address>
         <size>0x8</size>
         <input_file_ref idref="fl-4"/>
      </object_component>
      <object_component id="oc-521">
         <name>.text:__mspabi_fltud</name>
         <load_address>0x121cc</load_address>
         <run_address>0x121cc</run_address>
         <size>0x6</size>
         <input_file_ref idref="fl-4e"/>
      </object_component>
      <object_component id="oc-4aa">
         <name>.text:abort</name>
         <load_address>0x121d2</load_address>
         <run_address>0x121d2</run_address>
         <size>0x6</size>
         <input_file_ref idref="fl-65"/>
      </object_component>
      <object_component id="oc-44c">
         <name>.text:_system_pre_init</name>
         <load_address>0x121d8</load_address>
         <run_address>0x121d8</run_address>
         <size>0x4</size>
         <input_file_ref idref="fl-63"/>
      </object_component>
      <object_component id="oc-543">
         <name>.text:_system_post_cinit</name>
         <load_address>0x121dc</load_address>
         <run_address>0x121dc</run_address>
         <size>0x2</size>
         <input_file_ref idref="fl-62"/>
      </object_component>
      <object_component id="oc-43f">
         <name>.common:adcval</name>
         <uninitialized>true</uninitialized>
         <run_address>0x1c44</run_address>
         <size>0x2</size>
      </object_component>
      <object_component id="oc-4f9">
         <name>.data</name>
         <load_address>0x1c00</load_address>
         <run_address>0x1c00</run_address>
         <size>0x40</size>
         <input_file_ref idref="fl-2"/>
      </object_component>
      <object_component id="oc-4a0">
         <name>.data</name>
         <load_address>0x1c40</load_address>
         <run_address>0x1c40</run_address>
         <size>0x4</size>
         <input_file_ref idref="fl-3"/>
      </object_component>
      <object_component id="oc-3c4">
         <name>.stack</name>
         <uninitialized>true</uninitialized>
         <run_address>0x2360</run_address>
         <size>0x4</size>
         <input_file_ref idref="fl-5e"/>
      </object_component>
      <object_component id="oc-6a6">
         <name>.stack</name>
         <uninitialized>true</uninitialized>
         <run_address>0x2360</run_address>
         <size>0x0</size>
      </object_component>
      <object_component id="oc-83">
         <name>.int30</name>
         <load_address>0xffcc</load_address>
         <run_address>0xffcc</run_address>
         <size>0x2</size>
         <input_file_ref idref="fl-2d"/>
      </object_component>
      <object_component id="oc-84">
         <name>.int31</name>
         <load_address>0xffce</load_address>
         <run_address>0xffce</run_address>
         <size>0x2</size>
         <input_file_ref idref="fl-2f"/>
      </object_component>
      <object_component id="oc-85">
         <name>.int32</name>
         <load_address>0xffd0</load_address>
         <run_address>0xffd0</run_address>
         <size>0x2</size>
         <input_file_ref idref="fl-30"/>
      </object_component>
      <object_component id="oc-86">
         <name>.int33</name>
         <load_address>0xffd2</load_address>
         <run_address>0xffd2</run_address>
         <size>0x2</size>
         <input_file_ref idref="fl-31"/>
      </object_component>
      <object_component id="oc-87">
         <name>.int34</name>
         <load_address>0xffd4</load_address>
         <run_address>0xffd4</run_address>
         <size>0x2</size>
         <input_file_ref idref="fl-32"/>
      </object_component>
      <object_component id="oc-88">
         <name>.int35</name>
         <load_address>0xffd6</load_address>
         <run_address>0xffd6</run_address>
         <size>0x2</size>
         <input_file_ref idref="fl-33"/>
      </object_component>
      <object_component id="oc-89">
         <name>.int36</name>
         <load_address>0xffd8</load_address>
         <run_address>0xffd8</run_address>
         <size>0x2</size>
         <input_file_ref idref="fl-34"/>
      </object_component>
      <object_component id="oc-8a">
         <name>.int37</name>
         <load_address>0xffda</load_address>
         <run_address>0xffda</run_address>
         <size>0x2</size>
         <input_file_ref idref="fl-35"/>
      </object_component>
      <object_component id="oc-8b">
         <name>.int38</name>
         <load_address>0xffdc</load_address>
         <run_address>0xffdc</run_address>
         <size>0x2</size>
         <input_file_ref idref="fl-36"/>
      </object_component>
      <object_component id="oc-8c">
         <name>.int39</name>
         <load_address>0xffde</load_address>
         <run_address>0xffde</run_address>
         <size>0x2</size>
         <input_file_ref idref="fl-37"/>
      </object_component>
      <object_component id="oc-8d">
         <name>.int40</name>
         <load_address>0xffe0</load_address>
         <run_address>0xffe0</run_address>
         <size>0x2</size>
         <input_file_ref idref="fl-38"/>
      </object_component>
      <object_component id="oc-8e">
         <name>.int41</name>
         <load_address>0xffe2</load_address>
         <run_address>0xffe2</run_address>
         <size>0x2</size>
         <input_file_ref idref="fl-39"/>
      </object_component>
      <object_component id="oc-8f">
         <name>.int42</name>
         <load_address>0xffe4</load_address>
         <run_address>0xffe4</run_address>
         <size>0x2</size>
         <input_file_ref idref="fl-3a"/>
      </object_component>
      <object_component id="oc-90">
         <name>.int43</name>
         <load_address>0xffe6</load_address>
         <run_address>0xffe6</run_address>
         <size>0x2</size>
         <input_file_ref idref="fl-3b"/>
      </object_component>
      <object_component id="oc-91">
         <name>.int44</name>
         <load_address>0xffe8</load_address>
         <run_address>0xffe8</run_address>
         <size>0x2</size>
         <input_file_ref idref="fl-3c"/>
      </object_component>
      <object_component id="oc-92">
         <name>.int45</name>
         <load_address>0xffea</load_address>
         <run_address>0xffea</run_address>
         <size>0x2</size>
         <input_file_ref idref="fl-4"/>
      </object_component>
      <object_component id="oc-93">
         <name>.int46</name>
         <load_address>0xffec</load_address>
         <run_address>0xffec</run_address>
         <size>0x2</size>
         <input_file_ref idref="fl-1"/>
      </object_component>
      <object_component id="oc-94">
         <name>.int47</name>
         <load_address>0xffee</load_address>
         <run_address>0xffee</run_address>
         <size>0x2</size>
         <input_file_ref idref="fl-3d"/>
      </object_component>
      <object_component id="oc-95">
         <name>.int48</name>
         <load_address>0xfff0</load_address>
         <run_address>0xfff0</run_address>
         <size>0x2</size>
         <input_file_ref idref="fl-3e"/>
      </object_component>
      <object_component id="oc-96">
         <name>.int49</name>
         <load_address>0xfff2</load_address>
         <run_address>0xfff2</run_address>
         <size>0x2</size>
         <input_file_ref idref="fl-3f"/>
      </object_component>
      <object_component id="oc-97">
         <name>.int50</name>
         <load_address>0xfff4</load_address>
         <run_address>0xfff4</run_address>
         <size>0x2</size>
         <input_file_ref idref="fl-40"/>
      </object_component>
      <object_component id="oc-98">
         <name>.int51</name>
         <load_address>0xfff6</load_address>
         <run_address>0xfff6</run_address>
         <size>0x2</size>
         <input_file_ref idref="fl-41"/>
      </object_component>
      <object_component id="oc-99">
         <name>.int52</name>
         <load_address>0xfff8</load_address>
         <run_address>0xfff8</run_address>
         <size>0x2</size>
         <input_file_ref idref="fl-42"/>
      </object_component>
      <object_component id="oc-9a">
         <name>.int53</name>
         <load_address>0xfffa</load_address>
         <run_address>0xfffa</run_address>
         <size>0x2</size>
         <input_file_ref idref="fl-43"/>
      </object_component>
      <object_component id="oc-9b">
         <name>.int54</name>
         <load_address>0xfffc</load_address>
         <run_address>0xfffc</run_address>
         <size>0x2</size>
         <input_file_ref idref="fl-44"/>
      </object_component>
      <object_component id="oc-3c7">
         <name>.reset</name>
         <load_address>0xfffe</load_address>
         <run_address>0xfffe</run_address>
         <size>0x2</size>
         <input_file_ref idref="fl-5e"/>
      </object_component>
      <object_component id="oc-489">
         <name>.debug_info</name>
         <load_address>0x0</load_address>
         <run_address>0x0</run_address>
         <size>0xf2</size>
         <input_file_ref idref="fl-1"/>
      </object_component>
      <object_component id="oc-48f">
         <name>.debug_info</name>
         <load_address>0xf2</load_address>
         <run_address>0xf2</run_address>
         <size>0xf4</size>
         <input_file_ref idref="fl-1"/>
      </object_component>
      <object_component id="oc-3ec">
         <name>.debug_info</name>
         <load_address>0x1e6</load_address>
         <run_address>0x1e6</run_address>
         <size>0xf5</size>
         <input_file_ref idref="fl-1"/>
      </object_component>
      <object_component id="oc-3ce">
         <name>.debug_info</name>
         <load_address>0x2db</load_address>
         <run_address>0x2db</run_address>
         <size>0x84</size>
         <input_file_ref idref="fl-1"/>
      </object_component>
      <object_component id="oc-566">
         <name>.debug_info</name>
         <load_address>0x35f</load_address>
         <run_address>0x35f</run_address>
         <size>0x2b3</size>
         <input_file_ref idref="fl-2"/>
      </object_component>
      <object_component id="oc-4fa">
         <name>.debug_info</name>
         <load_address>0x612</load_address>
         <run_address>0x612</run_address>
         <size>0x2c3</size>
         <input_file_ref idref="fl-2"/>
      </object_component>
      <object_component id="oc-4f7">
         <name>.debug_info</name>
         <load_address>0x8d5</load_address>
         <run_address>0x8d5</run_address>
         <size>0x1df</size>
         <input_file_ref idref="fl-2"/>
      </object_component>
      <object_component id="oc-4ed">
         <name>.debug_info</name>
         <load_address>0xab4</load_address>
         <run_address>0xab4</run_address>
         <size>0xcc</size>
         <input_file_ref idref="fl-2"/>
      </object_component>
      <object_component id="oc-4ea">
         <name>.debug_info</name>
         <load_address>0xb80</load_address>
         <run_address>0xb80</run_address>
         <size>0xd4</size>
         <input_file_ref idref="fl-2"/>
      </object_component>
      <object_component id="oc-4f0">
         <name>.debug_info</name>
         <load_address>0xc54</load_address>
         <run_address>0xc54</run_address>
         <size>0x19d</size>
         <input_file_ref idref="fl-2"/>
      </object_component>
      <object_component id="oc-47d">
         <name>.debug_info</name>
         <load_address>0xdf1</load_address>
         <run_address>0xdf1</run_address>
         <size>0x116</size>
         <input_file_ref idref="fl-2"/>
      </object_component>
      <object_component id="oc-49b">
         <name>.debug_info</name>
         <load_address>0xf07</load_address>
         <run_address>0xf07</run_address>
         <size>0x481</size>
         <input_file_ref idref="fl-2"/>
      </object_component>
      <object_component id="oc-495">
         <name>.debug_info</name>
         <load_address>0x1388</load_address>
         <run_address>0x1388</run_address>
         <size>0x1ed</size>
         <input_file_ref idref="fl-2"/>
      </object_component>
      <object_component id="oc-5cd">
         <name>.debug_info</name>
         <load_address>0x1575</load_address>
         <run_address>0x1575</run_address>
         <size>0x26b</size>
         <input_file_ref idref="fl-2"/>
      </object_component>
      <object_component id="oc-618">
         <name>.debug_info</name>
         <load_address>0x17e0</load_address>
         <run_address>0x17e0</run_address>
         <size>0x275</size>
         <input_file_ref idref="fl-2"/>
      </object_component>
      <object_component id="oc-440">
         <name>.debug_info</name>
         <load_address>0x1a55</load_address>
         <run_address>0x1a55</run_address>
         <size>0x478</size>
         <input_file_ref idref="fl-3"/>
      </object_component>
      <object_component id="oc-4a1">
         <name>.debug_info</name>
         <load_address>0x1ecd</load_address>
         <run_address>0x1ecd</run_address>
         <size>0xde</size>
         <input_file_ref idref="fl-3"/>
      </object_component>
      <object_component id="oc-453">
         <name>.debug_info</name>
         <load_address>0x1fab</load_address>
         <run_address>0x1fab</run_address>
         <size>0x170</size>
         <input_file_ref idref="fl-3"/>
      </object_component>
      <object_component id="oc-483">
         <name>.debug_info</name>
         <load_address>0x211b</load_address>
         <run_address>0x211b</run_address>
         <size>0x12a</size>
         <input_file_ref idref="fl-4"/>
      </object_component>
      <object_component id="oc-4a4">
         <name>.debug_info</name>
         <load_address>0x2245</load_address>
         <run_address>0x2245</run_address>
         <size>0x128</size>
         <input_file_ref idref="fl-4"/>
      </object_component>
      <object_component id="oc-516">
         <name>.debug_info</name>
         <load_address>0x236d</load_address>
         <run_address>0x236d</run_address>
         <size>0xfc</size>
         <input_file_ref idref="fl-4"/>
      </object_component>
      <object_component id="oc-3e6">
         <name>.debug_info</name>
         <load_address>0x2469</load_address>
         <run_address>0x2469</run_address>
         <size>0x103</size>
         <input_file_ref idref="fl-4"/>
      </object_component>
      <object_component id="oc-434">
         <name>.debug_info</name>
         <load_address>0x256c</load_address>
         <run_address>0x256c</run_address>
         <size>0x170</size>
         <input_file_ref idref="fl-2b"/>
      </object_component>
      <object_component id="oc-78">
         <name>.debug_info</name>
         <load_address>0x26dc</load_address>
         <run_address>0x26dc</run_address>
         <size>0x245</size>
         <input_file_ref idref="fl-2b"/>
      </object_component>
      <object_component id="oc-3c9">
         <name>.debug_info</name>
         <load_address>0x2921</load_address>
         <run_address>0x2921</run_address>
         <size>0x60</size>
         <input_file_ref idref="fl-2b"/>
      </object_component>
      <object_component id="oc-46e">
         <name>.debug_info</name>
         <load_address>0x2981</load_address>
         <run_address>0x2981</run_address>
         <size>0x46</size>
         <input_file_ref idref="fl-2b"/>
      </object_component>
      <object_component id="oc-42f">
         <name>.debug_info</name>
         <load_address>0x29c7</load_address>
         <run_address>0x29c7</run_address>
         <size>0x39</size>
         <input_file_ref idref="fl-2b"/>
      </object_component>
      <object_component id="oc-3df">
         <name>.debug_info</name>
         <load_address>0x2a00</load_address>
         <run_address>0x2a00</run_address>
         <size>0x184</size>
         <input_file_ref idref="fl-2c"/>
      </object_component>
      <object_component id="oc-7e">
         <name>.debug_info</name>
         <load_address>0x2b84</load_address>
         <run_address>0x2b84</run_address>
         <size>0x1c8</size>
         <input_file_ref idref="fl-2c"/>
      </object_component>
      <object_component id="oc-3da">
         <name>.debug_info</name>
         <load_address>0x2d4c</load_address>
         <run_address>0x2d4c</run_address>
         <size>0x46</size>
         <input_file_ref idref="fl-2c"/>
      </object_component>
      <object_component id="oc-3e1">
         <name>.debug_info</name>
         <load_address>0x2d92</load_address>
         <run_address>0x2d92</run_address>
         <size>0x107</size>
         <input_file_ref idref="fl-2e"/>
      </object_component>
      <object_component id="oc-44a">
         <name>.debug_info</name>
         <load_address>0x2e99</load_address>
         <run_address>0x2e99</run_address>
         <size>0x1be</size>
         <input_file_ref idref="fl-45"/>
      </object_component>
      <object_component id="oc-3f2">
         <name>.debug_info</name>
         <load_address>0x3057</load_address>
         <run_address>0x3057</run_address>
         <size>0x1cc</size>
         <input_file_ref idref="fl-45"/>
      </object_component>
      <object_component id="oc-445">
         <name>.debug_info</name>
         <load_address>0x3223</load_address>
         <run_address>0x3223</run_address>
         <size>0x46</size>
         <input_file_ref idref="fl-45"/>
      </object_component>
      <object_component id="oc-58b">
         <name>.debug_info</name>
         <load_address>0x3269</load_address>
         <run_address>0x3269</run_address>
         <size>0x1a1</size>
         <input_file_ref idref="fl-46"/>
      </object_component>
      <object_component id="oc-509">
         <name>.debug_info</name>
         <load_address>0x340a</load_address>
         <run_address>0x340a</run_address>
         <size>0x21d</size>
         <input_file_ref idref="fl-46"/>
      </object_component>
      <object_component id="oc-577">
         <name>.debug_info</name>
         <load_address>0x3627</load_address>
         <run_address>0x3627</run_address>
         <size>0x94</size>
         <input_file_ref idref="fl-46"/>
      </object_component>
      <object_component id="oc-602">
         <name>.debug_info</name>
         <load_address>0x36bb</load_address>
         <run_address>0x36bb</run_address>
         <size>0x19f</size>
         <input_file_ref idref="fl-47"/>
      </object_component>
      <object_component id="oc-585">
         <name>.debug_info</name>
         <load_address>0x385a</load_address>
         <run_address>0x385a</run_address>
         <size>0x2b1</size>
         <input_file_ref idref="fl-47"/>
      </object_component>
      <object_component id="oc-629">
         <name>.debug_info</name>
         <load_address>0x3b0b</load_address>
         <run_address>0x3b0b</run_address>
         <size>0x171</size>
         <input_file_ref idref="fl-48"/>
      </object_component>
      <object_component id="oc-5ff">
         <name>.debug_info</name>
         <load_address>0x3c7c</load_address>
         <run_address>0x3c7c</run_address>
         <size>0x1d2</size>
         <input_file_ref idref="fl-48"/>
      </object_component>
      <object_component id="oc-50f">
         <name>.debug_info</name>
         <load_address>0x3e4e</load_address>
         <run_address>0x3e4e</run_address>
         <size>0x1c4</size>
         <input_file_ref idref="fl-49"/>
      </object_component>
      <object_component id="oc-595">
         <name>.debug_info</name>
         <load_address>0x4012</load_address>
         <run_address>0x4012</run_address>
         <size>0x19c</size>
         <input_file_ref idref="fl-4a"/>
      </object_component>
      <object_component id="oc-51e">
         <name>.debug_info</name>
         <load_address>0x41ae</load_address>
         <run_address>0x41ae</run_address>
         <size>0x247</size>
         <input_file_ref idref="fl-4a"/>
      </object_component>
      <object_component id="oc-606">
         <name>.debug_info</name>
         <load_address>0x43f5</load_address>
         <run_address>0x43f5</run_address>
         <size>0x171</size>
         <input_file_ref idref="fl-4b"/>
      </object_component>
      <object_component id="oc-592">
         <name>.debug_info</name>
         <load_address>0x4566</load_address>
         <run_address>0x4566</run_address>
         <size>0x5b2</size>
         <input_file_ref idref="fl-4b"/>
      </object_component>
      <object_component id="oc-503">
         <name>.debug_info</name>
         <load_address>0x4b18</load_address>
         <run_address>0x4b18</run_address>
         <size>0x15b</size>
         <input_file_ref idref="fl-4c"/>
      </object_component>
      <object_component id="oc-5eb">
         <name>.debug_info</name>
         <load_address>0x4c73</load_address>
         <run_address>0x4c73</run_address>
         <size>0x16a</size>
         <input_file_ref idref="fl-4d"/>
      </object_component>
      <object_component id="oc-57f">
         <name>.debug_info</name>
         <load_address>0x4ddd</load_address>
         <run_address>0x4ddd</run_address>
         <size>0x1e8</size>
         <input_file_ref idref="fl-4d"/>
      </object_component>
      <object_component id="oc-522">
         <name>.debug_info</name>
         <load_address>0x4fc5</load_address>
         <run_address>0x4fc5</run_address>
         <size>0x15b</size>
         <input_file_ref idref="fl-4e"/>
      </object_component>
      <object_component id="oc-60a">
         <name>.debug_info</name>
         <load_address>0x5120</load_address>
         <run_address>0x5120</run_address>
         <size>0x16a</size>
         <input_file_ref idref="fl-4f"/>
      </object_component>
      <object_component id="oc-598">
         <name>.debug_info</name>
         <load_address>0x528a</load_address>
         <run_address>0x528a</run_address>
         <size>0x1b6</size>
         <input_file_ref idref="fl-4f"/>
      </object_component>
      <object_component id="oc-57c">
         <name>.debug_info</name>
         <load_address>0x5440</load_address>
         <run_address>0x5440</run_address>
         <size>0x19c</size>
         <input_file_ref idref="fl-50"/>
      </object_component>
      <object_component id="oc-4fd">
         <name>.debug_info</name>
         <load_address>0x55dc</load_address>
         <run_address>0x55dc</run_address>
         <size>0x258</size>
         <input_file_ref idref="fl-50"/>
      </object_component>
      <object_component id="oc-5e7">
         <name>.debug_info</name>
         <load_address>0x5834</load_address>
         <run_address>0x5834</run_address>
         <size>0x171</size>
         <input_file_ref idref="fl-51"/>
      </object_component>
      <object_component id="oc-571">
         <name>.debug_info</name>
         <load_address>0x59a5</load_address>
         <run_address>0x59a5</run_address>
         <size>0x332</size>
         <input_file_ref idref="fl-51"/>
      </object_component>
      <object_component id="oc-5c0">
         <name>.debug_info</name>
         <load_address>0x5cd7</load_address>
         <run_address>0x5cd7</run_address>
         <size>0x128</size>
         <input_file_ref idref="fl-53"/>
      </object_component>
      <object_component id="oc-5d9">
         <name>.debug_info</name>
         <load_address>0x5dff</load_address>
         <run_address>0x5dff</run_address>
         <size>0x128</size>
         <input_file_ref idref="fl-55"/>
      </object_component>
      <object_component id="oc-5ed">
         <name>.debug_info</name>
         <load_address>0x5f27</load_address>
         <run_address>0x5f27</run_address>
         <size>0x118</size>
         <input_file_ref idref="fl-59"/>
      </object_component>
      <object_component id="oc-5dd">
         <name>.debug_info</name>
         <load_address>0x603f</load_address>
         <run_address>0x603f</run_address>
         <size>0x11e</size>
         <input_file_ref idref="fl-59"/>
      </object_component>
      <object_component id="oc-5f7">
         <name>.debug_info</name>
         <load_address>0x615d</load_address>
         <run_address>0x615d</run_address>
         <size>0x118</size>
         <input_file_ref idref="fl-5a"/>
      </object_component>
      <object_component id="oc-5d3">
         <name>.debug_info</name>
         <load_address>0x6275</load_address>
         <run_address>0x6275</run_address>
         <size>0x11e</size>
         <input_file_ref idref="fl-5a"/>
      </object_component>
      <object_component id="oc-5f2">
         <name>.debug_info</name>
         <load_address>0x6393</load_address>
         <run_address>0x6393</run_address>
         <size>0x118</size>
         <input_file_ref idref="fl-5b"/>
      </object_component>
      <object_component id="oc-5e2">
         <name>.debug_info</name>
         <load_address>0x64ab</load_address>
         <run_address>0x64ab</run_address>
         <size>0x11e</size>
         <input_file_ref idref="fl-5b"/>
      </object_component>
      <object_component id="oc-528">
         <name>.debug_info</name>
         <load_address>0x65c9</load_address>
         <run_address>0x65c9</run_address>
         <size>0x198</size>
         <input_file_ref idref="fl-5d"/>
      </object_component>
      <object_component id="oc-3c5">
         <name>.debug_info</name>
         <load_address>0x6761</load_address>
         <run_address>0x6761</run_address>
         <size>0xf5</size>
         <input_file_ref idref="fl-5e"/>
      </object_component>
      <object_component id="oc-41d">
         <name>.debug_info</name>
         <load_address>0x6856</load_address>
         <run_address>0x6856</run_address>
         <size>0x188</size>
         <input_file_ref idref="fl-5e"/>
      </object_component>
      <object_component id="oc-465">
         <name>.debug_info</name>
         <load_address>0x69de</load_address>
         <run_address>0x69de</run_address>
         <size>0xf2</size>
         <input_file_ref idref="fl-5f"/>
      </object_component>
      <object_component id="oc-54a">
         <name>.debug_info</name>
         <load_address>0x6ad0</load_address>
         <run_address>0x6ad0</run_address>
         <size>0x490</size>
         <input_file_ref idref="fl-61"/>
      </object_component>
      <object_component id="oc-4cf">
         <name>.debug_info</name>
         <load_address>0x6f60</load_address>
         <run_address>0x6f60</run_address>
         <size>0x225</size>
         <input_file_ref idref="fl-61"/>
      </object_component>
      <object_component id="oc-5b5">
         <name>.debug_info</name>
         <load_address>0x7185</load_address>
         <run_address>0x7185</run_address>
         <size>0x39</size>
         <input_file_ref idref="fl-61"/>
      </object_component>
      <object_component id="oc-5c6">
         <name>.debug_info</name>
         <load_address>0x71be</load_address>
         <run_address>0x71be</run_address>
         <size>0x2c</size>
         <input_file_ref idref="fl-61"/>
      </object_component>
      <object_component id="oc-555">
         <name>.debug_info</name>
         <load_address>0x71ea</load_address>
         <run_address>0x71ea</run_address>
         <size>0x2c</size>
         <input_file_ref idref="fl-61"/>
      </object_component>
      <object_component id="oc-5ba">
         <name>.debug_info</name>
         <load_address>0x7216</load_address>
         <run_address>0x7216</run_address>
         <size>0xcd</size>
         <input_file_ref idref="fl-61"/>
      </object_component>
      <object_component id="oc-544">
         <name>.debug_info</name>
         <load_address>0x72e3</load_address>
         <run_address>0x72e3</run_address>
         <size>0x145</size>
         <input_file_ref idref="fl-62"/>
      </object_component>
      <object_component id="oc-44d">
         <name>.debug_info</name>
         <load_address>0x7428</load_address>
         <run_address>0x7428</run_address>
         <size>0x148</size>
         <input_file_ref idref="fl-63"/>
      </object_component>
      <object_component id="oc-437">
         <name>.debug_info</name>
         <load_address>0x7570</load_address>
         <run_address>0x7570</run_address>
         <size>0x2c</size>
         <input_file_ref idref="fl-64"/>
      </object_component>
      <object_component id="oc-4ae">
         <name>.debug_info</name>
         <load_address>0x759c</load_address>
         <run_address>0x759c</run_address>
         <size>0x117</size>
         <input_file_ref idref="fl-65"/>
      </object_component>
      <object_component id="oc-436">
         <name>.debug_info</name>
         <load_address>0x76b3</load_address>
         <run_address>0x76b3</run_address>
         <size>0x18f</size>
         <input_file_ref idref="fl-68"/>
      </object_component>
      <object_component id="oc-3d7">
         <name>.debug_info</name>
         <load_address>0x7842</load_address>
         <run_address>0x7842</run_address>
         <size>0x16f</size>
         <input_file_ref idref="fl-68"/>
      </object_component>
      <object_component id="oc-6a9">
         <name>.debug_info</name>
         <load_address>0x79b1</load_address>
         <run_address>0x79b1</run_address>
         <size>0x9d</size>
      </object_component>
      <object_component id="oc-48c">
         <name>.debug_line</name>
         <load_address>0x0</load_address>
         <run_address>0x0</run_address>
         <size>0x42</size>
         <input_file_ref idref="fl-1"/>
      </object_component>
      <object_component id="oc-492">
         <name>.debug_line</name>
         <load_address>0x42</load_address>
         <run_address>0x42</run_address>
         <size>0x3f</size>
         <input_file_ref idref="fl-1"/>
      </object_component>
      <object_component id="oc-3ef">
         <name>.debug_line</name>
         <load_address>0x81</load_address>
         <run_address>0x81</run_address>
         <size>0x54</size>
         <input_file_ref idref="fl-1"/>
      </object_component>
      <object_component id="oc-3d1">
         <name>.debug_line</name>
         <load_address>0xd5</load_address>
         <run_address>0xd5</run_address>
         <size>0x20</size>
         <input_file_ref idref="fl-1"/>
      </object_component>
      <object_component id="oc-5cc">
         <name>.debug_line</name>
         <load_address>0xf5</load_address>
         <run_address>0xf5</run_address>
         <size>0x81</size>
         <input_file_ref idref="fl-2"/>
      </object_component>
      <object_component id="oc-56f">
         <name>.debug_line</name>
         <load_address>0x176</load_address>
         <run_address>0x176</run_address>
         <size>0x32</size>
         <input_file_ref idref="fl-2"/>
      </object_component>
      <object_component id="oc-56d">
         <name>.debug_line</name>
         <load_address>0x1a8</load_address>
         <run_address>0x1a8</run_address>
         <size>0x32</size>
         <input_file_ref idref="fl-2"/>
      </object_component>
      <object_component id="oc-569">
         <name>.debug_line</name>
         <load_address>0x1da</load_address>
         <run_address>0x1da</run_address>
         <size>0x32</size>
         <input_file_ref idref="fl-2"/>
      </object_component>
      <object_component id="oc-565">
         <name>.debug_line</name>
         <load_address>0x20c</load_address>
         <run_address>0x20c</run_address>
         <size>0x32</size>
         <input_file_ref idref="fl-2"/>
      </object_component>
      <object_component id="oc-56b">
         <name>.debug_line</name>
         <load_address>0x23e</load_address>
         <run_address>0x23e</run_address>
         <size>0x32</size>
         <input_file_ref idref="fl-2"/>
      </object_component>
      <object_component id="oc-480">
         <name>.debug_line</name>
         <load_address>0x270</load_address>
         <run_address>0x270</run_address>
         <size>0x6b</size>
         <input_file_ref idref="fl-2"/>
      </object_component>
      <object_component id="oc-49e">
         <name>.debug_line</name>
         <load_address>0x2db</load_address>
         <run_address>0x2db</run_address>
         <size>0x17a</size>
         <input_file_ref idref="fl-2"/>
      </object_component>
      <object_component id="oc-498">
         <name>.debug_line</name>
         <load_address>0x455</load_address>
         <run_address>0x455</run_address>
         <size>0xa7</size>
         <input_file_ref idref="fl-2"/>
      </object_component>
      <object_component id="oc-5d0">
         <name>.debug_line</name>
         <load_address>0x4fc</load_address>
         <run_address>0x4fc</run_address>
         <size>0x77</size>
         <input_file_ref idref="fl-2"/>
      </object_component>
      <object_component id="oc-61b">
         <name>.debug_line</name>
         <load_address>0x573</load_address>
         <run_address>0x573</run_address>
         <size>0x7b</size>
         <input_file_ref idref="fl-2"/>
      </object_component>
      <object_component id="oc-478">
         <name>.debug_line</name>
         <load_address>0x5ee</load_address>
         <run_address>0x5ee</run_address>
         <size>0x9a</size>
         <input_file_ref idref="fl-3"/>
      </object_component>
      <object_component id="oc-52f">
         <name>.debug_line</name>
         <load_address>0x688</load_address>
         <run_address>0x688</run_address>
         <size>0x2d</size>
         <input_file_ref idref="fl-3"/>
      </object_component>
      <object_component id="oc-456">
         <name>.debug_line</name>
         <load_address>0x6b5</load_address>
         <run_address>0x6b5</run_address>
         <size>0x88</size>
         <input_file_ref idref="fl-3"/>
      </object_component>
      <object_component id="oc-486">
         <name>.debug_line</name>
         <load_address>0x73d</load_address>
         <run_address>0x73d</run_address>
         <size>0x43</size>
         <input_file_ref idref="fl-4"/>
      </object_component>
      <object_component id="oc-4a7">
         <name>.debug_line</name>
         <load_address>0x780</load_address>
         <run_address>0x780</run_address>
         <size>0x41</size>
         <input_file_ref idref="fl-4"/>
      </object_component>
      <object_component id="oc-519">
         <name>.debug_line</name>
         <load_address>0x7c1</load_address>
         <run_address>0x7c1</run_address>
         <size>0x41</size>
         <input_file_ref idref="fl-4"/>
      </object_component>
      <object_component id="oc-3e9">
         <name>.debug_line</name>
         <load_address>0x802</load_address>
         <run_address>0x802</run_address>
         <size>0x42</size>
         <input_file_ref idref="fl-4"/>
      </object_component>
      <object_component id="oc-474">
         <name>.debug_line</name>
         <load_address>0x844</load_address>
         <run_address>0x844</run_address>
         <size>0x20</size>
         <input_file_ref idref="fl-2b"/>
      </object_component>
      <object_component id="oc-7b">
         <name>.debug_line</name>
         <load_address>0x864</load_address>
         <run_address>0x864</run_address>
         <size>0x99</size>
         <input_file_ref idref="fl-2b"/>
      </object_component>
      <object_component id="oc-3cc">
         <name>.debug_line</name>
         <load_address>0x8fd</load_address>
         <run_address>0x8fd</run_address>
         <size>0x3a</size>
         <input_file_ref idref="fl-2b"/>
      </object_component>
      <object_component id="oc-471">
         <name>.debug_line</name>
         <load_address>0x937</load_address>
         <run_address>0x937</run_address>
         <size>0x92</size>
         <input_file_ref idref="fl-2b"/>
      </object_component>
      <object_component id="oc-432">
         <name>.debug_line</name>
         <load_address>0x9c9</load_address>
         <run_address>0x9c9</run_address>
         <size>0x8e</size>
         <input_file_ref idref="fl-2b"/>
      </object_component>
      <object_component id="oc-43d">
         <name>.debug_line</name>
         <load_address>0xa57</load_address>
         <run_address>0xa57</run_address>
         <size>0x20</size>
         <input_file_ref idref="fl-2c"/>
      </object_component>
      <object_component id="oc-81">
         <name>.debug_line</name>
         <load_address>0xa77</load_address>
         <run_address>0xa77</run_address>
         <size>0x50</size>
         <input_file_ref idref="fl-2c"/>
      </object_component>
      <object_component id="oc-3dd">
         <name>.debug_line</name>
         <load_address>0xac7</load_address>
         <run_address>0xac7</run_address>
         <size>0x3a</size>
         <input_file_ref idref="fl-2c"/>
      </object_component>
      <object_component id="oc-3e4">
         <name>.debug_line</name>
         <load_address>0xb01</load_address>
         <run_address>0xb01</run_address>
         <size>0x3d</size>
         <input_file_ref idref="fl-2e"/>
      </object_component>
      <object_component id="oc-47a">
         <name>.debug_line</name>
         <load_address>0xb3e</load_address>
         <run_address>0xb3e</run_address>
         <size>0x34</size>
         <input_file_ref idref="fl-45"/>
      </object_component>
      <object_component id="oc-3f5">
         <name>.debug_line</name>
         <load_address>0xb72</load_address>
         <run_address>0xb72</run_address>
         <size>0x4d</size>
         <input_file_ref idref="fl-45"/>
      </object_component>
      <object_component id="oc-448">
         <name>.debug_line</name>
         <load_address>0xbbf</load_address>
         <run_address>0xbbf</run_address>
         <size>0x34</size>
         <input_file_ref idref="fl-45"/>
      </object_component>
      <object_component id="oc-604">
         <name>.debug_line</name>
         <load_address>0xbf3</load_address>
         <run_address>0xbf3</run_address>
         <size>0x2d</size>
         <input_file_ref idref="fl-46"/>
      </object_component>
      <object_component id="oc-50c">
         <name>.debug_line</name>
         <load_address>0xc20</load_address>
         <run_address>0xc20</run_address>
         <size>0xc9</size>
         <input_file_ref idref="fl-46"/>
      </object_component>
      <object_component id="oc-57a">
         <name>.debug_line</name>
         <load_address>0xce9</load_address>
         <run_address>0xce9</run_address>
         <size>0x2e</size>
         <input_file_ref idref="fl-46"/>
      </object_component>
      <object_component id="oc-62b">
         <name>.debug_line</name>
         <load_address>0xd17</load_address>
         <run_address>0xd17</run_address>
         <size>0x2d</size>
         <input_file_ref idref="fl-47"/>
      </object_component>
      <object_component id="oc-588">
         <name>.debug_line</name>
         <load_address>0xd44</load_address>
         <run_address>0xd44</run_address>
         <size>0xff</size>
         <input_file_ref idref="fl-47"/>
      </object_component>
      <object_component id="oc-631">
         <name>.debug_line</name>
         <load_address>0xe43</load_address>
         <run_address>0xe43</run_address>
         <size>0x20</size>
         <input_file_ref idref="fl-48"/>
      </object_component>
      <object_component id="oc-5fe">
         <name>.debug_line</name>
         <load_address>0xe63</load_address>
         <run_address>0xe63</run_address>
         <size>0x82</size>
         <input_file_ref idref="fl-48"/>
      </object_component>
      <object_component id="oc-512">
         <name>.debug_line</name>
         <load_address>0xee5</load_address>
         <run_address>0xee5</run_address>
         <size>0x75</size>
         <input_file_ref idref="fl-49"/>
      </object_component>
      <object_component id="oc-608">
         <name>.debug_line</name>
         <load_address>0xf5a</load_address>
         <run_address>0xf5a</run_address>
         <size>0x2d</size>
         <input_file_ref idref="fl-4a"/>
      </object_component>
      <object_component id="oc-51c">
         <name>.debug_line</name>
         <load_address>0xf87</load_address>
         <run_address>0xf87</run_address>
         <size>0xec</size>
         <input_file_ref idref="fl-4a"/>
      </object_component>
      <object_component id="oc-62d">
         <name>.debug_line</name>
         <load_address>0x1073</load_address>
         <run_address>0x1073</run_address>
         <size>0x20</size>
         <input_file_ref idref="fl-4b"/>
      </object_component>
      <object_component id="oc-58f">
         <name>.debug_line</name>
         <load_address>0x1093</load_address>
         <run_address>0x1093</run_address>
         <size>0xd8</size>
         <input_file_ref idref="fl-4b"/>
      </object_component>
      <object_component id="oc-506">
         <name>.debug_line</name>
         <load_address>0x116b</load_address>
         <run_address>0x116b</run_address>
         <size>0x3d</size>
         <input_file_ref idref="fl-4c"/>
      </object_component>
      <object_component id="oc-624">
         <name>.debug_line</name>
         <load_address>0x11a8</load_address>
         <run_address>0x11a8</run_address>
         <size>0x20</size>
         <input_file_ref idref="fl-4d"/>
      </object_component>
      <object_component id="oc-582">
         <name>.debug_line</name>
         <load_address>0x11c8</load_address>
         <run_address>0x11c8</run_address>
         <size>0x7c</size>
         <input_file_ref idref="fl-4d"/>
      </object_component>
      <object_component id="oc-526">
         <name>.debug_line</name>
         <load_address>0x1244</load_address>
         <run_address>0x1244</run_address>
         <size>0x3d</size>
         <input_file_ref idref="fl-4e"/>
      </object_component>
      <object_component id="oc-62f">
         <name>.debug_line</name>
         <load_address>0x1281</load_address>
         <run_address>0x1281</run_address>
         <size>0x20</size>
         <input_file_ref idref="fl-4f"/>
      </object_component>
      <object_component id="oc-59b">
         <name>.debug_line</name>
         <load_address>0x12a1</load_address>
         <run_address>0x12a1</run_address>
         <size>0x71</size>
         <input_file_ref idref="fl-4f"/>
      </object_component>
      <object_component id="oc-5e9">
         <name>.debug_line</name>
         <load_address>0x1312</load_address>
         <run_address>0x1312</run_address>
         <size>0x2d</size>
         <input_file_ref idref="fl-50"/>
      </object_component>
      <object_component id="oc-500">
         <name>.debug_line</name>
         <load_address>0x133f</load_address>
         <run_address>0x133f</run_address>
         <size>0xfd</size>
         <input_file_ref idref="fl-50"/>
      </object_component>
      <object_component id="oc-622">
         <name>.debug_line</name>
         <load_address>0x143c</load_address>
         <run_address>0x143c</run_address>
         <size>0x20</size>
         <input_file_ref idref="fl-51"/>
      </object_component>
      <object_component id="oc-575">
         <name>.debug_line</name>
         <load_address>0x145c</load_address>
         <run_address>0x145c</run_address>
         <size>0x96</size>
         <input_file_ref idref="fl-51"/>
      </object_component>
      <object_component id="oc-5c3">
         <name>.debug_line</name>
         <load_address>0x14f2</load_address>
         <run_address>0x14f2</run_address>
         <size>0x46</size>
         <input_file_ref idref="fl-53"/>
      </object_component>
      <object_component id="oc-5db">
         <name>.debug_line</name>
         <load_address>0x1538</load_address>
         <run_address>0x1538</run_address>
         <size>0x49</size>
         <input_file_ref idref="fl-55"/>
      </object_component>
      <object_component id="oc-5f0">
         <name>.debug_line</name>
         <load_address>0x1581</load_address>
         <run_address>0x1581</run_address>
         <size>0x3e</size>
         <input_file_ref idref="fl-59"/>
      </object_component>
      <object_component id="oc-5e0">
         <name>.debug_line</name>
         <load_address>0x15bf</load_address>
         <run_address>0x15bf</run_address>
         <size>0x56</size>
         <input_file_ref idref="fl-59"/>
      </object_component>
      <object_component id="oc-5fa">
         <name>.debug_line</name>
         <load_address>0x1615</load_address>
         <run_address>0x1615</run_address>
         <size>0x3e</size>
         <input_file_ref idref="fl-5a"/>
      </object_component>
      <object_component id="oc-5d6">
         <name>.debug_line</name>
         <load_address>0x1653</load_address>
         <run_address>0x1653</run_address>
         <size>0x56</size>
         <input_file_ref idref="fl-5a"/>
      </object_component>
      <object_component id="oc-5f5">
         <name>.debug_line</name>
         <load_address>0x16a9</load_address>
         <run_address>0x16a9</run_address>
         <size>0x41</size>
         <input_file_ref idref="fl-5b"/>
      </object_component>
      <object_component id="oc-5e5">
         <name>.debug_line</name>
         <load_address>0x16ea</load_address>
         <run_address>0x16ea</run_address>
         <size>0x56</size>
         <input_file_ref idref="fl-5b"/>
      </object_component>
      <object_component id="oc-52b">
         <name>.debug_line</name>
         <load_address>0x1740</load_address>
         <run_address>0x1740</run_address>
         <size>0x4b</size>
         <input_file_ref idref="fl-5d"/>
      </object_component>
      <object_component id="oc-42e">
         <name>.debug_line</name>
         <load_address>0x178b</load_address>
         <run_address>0x178b</run_address>
         <size>0x2a</size>
         <input_file_ref idref="fl-5e"/>
      </object_component>
      <object_component id="oc-420">
         <name>.debug_line</name>
         <load_address>0x17b5</load_address>
         <run_address>0x17b5</run_address>
         <size>0x4b</size>
         <input_file_ref idref="fl-5e"/>
      </object_component>
      <object_component id="oc-468">
         <name>.debug_line</name>
         <load_address>0x1800</load_address>
         <run_address>0x1800</run_address>
         <size>0x45</size>
         <input_file_ref idref="fl-5f"/>
      </object_component>
      <object_component id="oc-5b4">
         <name>.debug_line</name>
         <load_address>0x1845</load_address>
         <run_address>0x1845</run_address>
         <size>0xb7</size>
         <input_file_ref idref="fl-61"/>
      </object_component>
      <object_component id="oc-4d2">
         <name>.debug_line</name>
         <load_address>0x18fc</load_address>
         <run_address>0x18fc</run_address>
         <size>0x7f</size>
         <input_file_ref idref="fl-61"/>
      </object_component>
      <object_component id="oc-5b8">
         <name>.debug_line</name>
         <load_address>0x197b</load_address>
         <run_address>0x197b</run_address>
         <size>0x2e</size>
         <input_file_ref idref="fl-61"/>
      </object_component>
      <object_component id="oc-5c9">
         <name>.debug_line</name>
         <load_address>0x19a9</load_address>
         <run_address>0x19a9</run_address>
         <size>0x92</size>
         <input_file_ref idref="fl-61"/>
      </object_component>
      <object_component id="oc-558">
         <name>.debug_line</name>
         <load_address>0x1a3b</load_address>
         <run_address>0x1a3b</run_address>
         <size>0x8f</size>
         <input_file_ref idref="fl-61"/>
      </object_component>
      <object_component id="oc-5bd">
         <name>.debug_line</name>
         <load_address>0x1aca</load_address>
         <run_address>0x1aca</run_address>
         <size>0x8b</size>
         <input_file_ref idref="fl-61"/>
      </object_component>
      <object_component id="oc-547">
         <name>.debug_line</name>
         <load_address>0x1b55</load_address>
         <run_address>0x1b55</run_address>
         <size>0x3a</size>
         <input_file_ref idref="fl-62"/>
      </object_component>
      <object_component id="oc-450">
         <name>.debug_line</name>
         <load_address>0x1b8f</load_address>
         <run_address>0x1b8f</run_address>
         <size>0x3e</size>
         <input_file_ref idref="fl-63"/>
      </object_component>
      <object_component id="oc-43a">
         <name>.debug_line</name>
         <load_address>0x1bcd</load_address>
         <run_address>0x1bcd</run_address>
         <size>0x8a</size>
         <input_file_ref idref="fl-64"/>
      </object_component>
      <object_component id="oc-4ad">
         <name>.debug_line</name>
         <load_address>0x1c57</load_address>
         <run_address>0x1c57</run_address>
         <size>0x3d</size>
         <input_file_ref idref="fl-65"/>
      </object_component>
      <object_component id="oc-476">
         <name>.debug_line</name>
         <load_address>0x1c94</load_address>
         <run_address>0x1c94</run_address>
         <size>0x20</size>
         <input_file_ref idref="fl-68"/>
      </object_component>
      <object_component id="oc-3d6">
         <name>.debug_line</name>
         <load_address>0x1cb4</load_address>
         <run_address>0x1cb4</run_address>
         <size>0x42</size>
         <input_file_ref idref="fl-68"/>
      </object_component>
      <object_component id="oc-48d">
         <name>.debug_frame</name>
         <load_address>0x0</load_address>
         <run_address>0x0</run_address>
         <size>0x3c</size>
         <input_file_ref idref="fl-1"/>
      </object_component>
      <object_component id="oc-493">
         <name>.debug_frame</name>
         <load_address>0x3c</load_address>
         <run_address>0x3c</run_address>
         <size>0x3c</size>
         <input_file_ref idref="fl-1"/>
      </object_component>
      <object_component id="oc-3f0">
         <name>.debug_frame</name>
         <load_address>0x78</load_address>
         <run_address>0x78</run_address>
         <size>0x44</size>
         <input_file_ref idref="fl-1"/>
      </object_component>
      <object_component id="oc-481">
         <name>.debug_frame</name>
         <load_address>0xbc</load_address>
         <run_address>0xbc</run_address>
         <size>0x40</size>
         <input_file_ref idref="fl-2"/>
      </object_component>
      <object_component id="oc-49f">
         <name>.debug_frame</name>
         <load_address>0xfc</load_address>
         <run_address>0xfc</run_address>
         <size>0x58</size>
         <input_file_ref idref="fl-2"/>
      </object_component>
      <object_component id="oc-499">
         <name>.debug_frame</name>
         <load_address>0x154</load_address>
         <run_address>0x154</run_address>
         <size>0x5c</size>
         <input_file_ref idref="fl-2"/>
[...]
      </symbol>
      <symbol id="sm-43d">
         <name>DANGER</name>
         <value>0x755a</value>
         <object_component_ref idref="oc-4f6"/>
      </symbol>
      <symbol id="sm-43e">
         <name>max_flush_value</name>
         <value>0x1c22</value>
         <object_component_ref idref="oc-4f9"/>
      </symbol>
      <symbol id="sm-43f">
         <name>STATE_calb</name>
         <value>0x1c02</value>
         <object_component_ref idref="oc-4f9"/>
      </symbol>
      <symbol id="sm-440">
         <name>flush</name>
         <value>0x7302</value>
         <object_component_ref idref="oc-4ef"/>
      </symbol>
      <symbol id="sm-441">
         <name>BASE</name>
         <value>0x7556</value>
         <object_component_ref idref="oc-4f6"/>
      </symbol>
      <symbol id="sm-442">
         <name>current_value_thres</name>
         <value>0x7546</value>
         <object_component_ref idref="oc-4f6"/>
      </symbol>
      <symbol id="sm-443">
         <name>calbcount</name>
         <value>0x1c00</value>
         <object_component_ref idref="oc-4f9"/>
      </symbol>
      <symbol id="sm-444">
         <name>BASE_calb</name>
         <value>0x7540</value>
         <object_component_ref idref="oc-4f6"/>
      </symbol>
      <symbol id="sm-445">
         <name>monitor</name>
         <value>0x11872</value>
         <object_component_ref idref="oc-494"/>
      </symbol>
      <symbol id="sm-446">
         <name>FLUSH_calb</name>
         <value>0x7544</value>
         <object_component_ref idref="oc-4f6"/>
      </symbol>
      <symbol id="sm-447">
         <name>base_threshold</name>
         <value>0x72f2</value>
         <object_component_ref idref="oc-4ef"/>
      </symbol>
      <symbol id="sm-448">
         <name>ACTIVITY</name>
         <value>0x7558</value>
         <object_component_ref idref="oc-4f6"/>
      </symbol>
      <symbol id="sm-449">
         <name>debug</name>
         <value>0x1c3e</value>
         <object_component_ref idref="oc-4f9"/>
      </symbol>
      <symbol id="sm-44a">
         <name>newflush</name>
         <value>0x1c20</value>
         <object_component_ref idref="oc-4f9"/>
      </symbol>
      <symbol id="sm-44b">
         <name>overflowTime</name>
         <value>0x72e0</value>
         <object_component_ref idref="oc-4ef"/>
      </symbol>
      <symbol id="sm-44c">
         <name>flush_value_temp</name>
         <value>0x1c06</value>
         <object_component_ref idref="oc-4f9"/>
      </symbol>
      <symbol id="sm-44d">
         <name>calbBuffer</name>
         <value>0x5b70</value>
         <object_component_ref idref="oc-4e9"/>
      </symbol>
      <symbol id="sm-467">
         <name>adcval</name>
         <value>0x1c44</value>
      </symbol>
      <symbol id="sm-468">
         <name>calb</name>
         <value>0x1c40</value>
         <object_component_ref idref="oc-4a0"/>
      </symbol>
      <symbol id="sm-469">
         <name>main</name>
         <value>0x11a76</value>
         <object_component_ref idref="oc-452"/>
      </symbol>
      <symbol id="sm-46a">
         <name>STATE</name>
         <value>0x1c42</value>
         <object_component_ref idref="oc-4a0"/>
      </symbol>
      <symbol id="sm-489">
         <name>timer_start</name>
         <value>0x120f4</value>
         <object_component_ref idref="oc-482"/>
      </symbol>
      <symbol id="sm-48a">
         <name>__TI_int45</name>
         <value>0xffea</value>
         <object_component_ref idref="oc-92"/>
      </symbol>
      <symbol id="sm-48b">
         <name>timer_cont</name>
         <value>0x12144</value>
         <object_component_ref idref="oc-4a3"/>
      </symbol>
      <symbol id="sm-48c">
         <name>Timer0_A0_ISR</name>
         <value>0x752a</value>
         <object_component_ref idref="oc-3e5"/>
      </symbol>
      <symbol id="sm-48d">
         <name>timer_stop</name>
         <value>0x121c4</value>
         <object_component_ref idref="oc-515"/>
      </symbol>
      <symbol id="sm-4b0">
         <name>__TI_decompress_lzss</name>
         <value>0x11eca</value>
         <object_component_ref idref="oc-77"/>
      </symbol>
      <symbol id="sm-4c1">
         <name>__TI_decompress_none</name>
         <value>0x1216e</value>
         <object_component_ref idref="oc-7d"/>
      </symbol>
      <symbol id="sm-4c4">
         <name>__TI_int30</name>
         <value>0xffcc</value>
         <object_component_ref idref="oc-83"/>
      </symbol>
      <symbol id="sm-4cc">
         <name>__TI_ISR_TRAP</name>
         <value>0x7538</value>
         <object_component_ref idref="oc-3e0"/>
      </symbol>
      <symbol id="sm-4cf">
         <name>__TI_int31</name>
         <value>0xffce</value>
         <object_component_ref idref="oc-84"/>
      </symbol>
      <symbol id="sm-4d2">
         <name>__TI_int32</name>
         <value>0xffd0</value>
         <object_component_ref idref="oc-85"/>
      </symbol>
      <symbol id="sm-4d5">
         <name>__TI_int33</name>
         <value>0xffd2</value>
         <object_component_ref idref="oc-86"/>
      </symbol>
      <symbol id="sm-4d8">
         <name>__TI_int34</name>
         <value>0xffd4</value>
         <object_component_ref idref="oc-87"/>
      </symbol>
      <symbol id="sm-4db">
         <name>__TI_int35</name>
         <value>0xffd6</value>
         <object_component_ref idref="oc-88"/>
      </symbol>
      <symbol id="sm-4de">
         <name>__TI_int36</name>
         <value>0xffd8</value>
         <object_component_ref idref="oc-89"/>
      </symbol>
      <symbol id="sm-4e1">
         <name>__TI_int37</name>
         <value>0xffda</value>
         <object_component_ref idref="oc-8a"/>
      </symbol>
      <symbol id="sm-4e4">
         <name>__TI_int38</name>
         <value>0xffdc</value>
         <object_component_ref idref="oc-8b"/>
      </symbol>
      <symbol id="sm-4e7">
         <name>__TI_int39</name>
         <value>0xffde</value>
         <object_component_ref idref="oc-8c"/>
      </symbol>
      <symbol id="sm-4ea">
         <name>__TI_int40</name>
         <value>0xffe0</value>
         <object_component_ref idref="oc-8d"/>
      </symbol>
      <symbol id="sm-4ed">
         <name>__TI_int41</name>
         <value>0xffe2</value>
         <object_component_ref idref="oc-8e"/>
      </symbol>
      <symbol id="sm-4f0">
         <name>__TI_int42</name>
         <value>0xffe4</value>
         <object_component_ref idref="oc-8f"/>
      </symbol>
      <symbol id="sm-4f3">
         <name>__TI_int43</name>
         <value>0xffe6</value>
         <object_component_ref idref="oc-90"/>
      </symbol>
      <symbol id="sm-4f6">
         <name>__TI_int44</name>
         <value>0xffe8</value>
         <object_component_ref idref="oc-91"/>
      </symbol>
      <symbol id="sm-4f9">
         <name>__TI_int47</name>
         <value>0xffee</value>
         <object_component_ref idref="oc-94"/>
      </symbol>
      <symbol id="sm-4fc">
         <name>__TI_int48</name>
         <value>0xfff0</value>
         <object_component_ref idref="oc-95"/>
      </symbol>
      <symbol id="sm-4ff">
         <name>__TI_int49</name>
         <value>0xfff2</value>
         <object_component_ref idref="oc-96"/>
      </symbol>
      <symbol id="sm-502">
         <name>__TI_int50</name>
         <value>0xfff4</value>
         <object_component_ref idref="oc-97"/>
      </symbol>
      <symbol id="sm-505">
         <name>__TI_int51</name>
         <value>0xfff6</value>
         <object_component_ref idref="oc-98"/>
      </symbol>
      <symbol id="sm-508">
         <name>__TI_int52</name>
         <value>0xfff8</value>
         <object_component_ref idref="oc-99"/>
      </symbol>
      <symbol id="sm-50b">
         <name>__TI_int53</name>
         <value>0xfffa</value>
         <object_component_ref idref="oc-9a"/>
      </symbol>
      <symbol id="sm-50e">
         <name>__TI_int54</name>
         <value>0xfffc</value>
         <object_component_ref idref="oc-9b"/>
      </symbol>
      <symbol id="sm-521">
         <name>__TI_zero_init_nomemset</name>
         <value>0x120ac</value>
         <object_component_ref idref="oc-3f1"/>
      </symbol>
      <symbol id="sm-548">
         <name>__mspabi_addd</name>
         <value>0x10c42</value>
         <object_component_ref idref="oc-508"/>
      </symbol>
      <symbol id="sm-569">
         <name>__TI_frcaddd</name>
         <value>0x11408</value>
         <object_component_ref idref="oc-584"/>
      </symbol>
      <symbol id="sm-57d">
         <name>__TI_renormd</name>
         <value>0x11c6c</value>
         <object_component_ref idref="oc-5fb"/>
      </symbol>
      <symbol id="sm-597">
         <name>__mspabi_cmpd</name>
         <value>0x11b94</value>
         <object_component_ref idref="oc-50e"/>
      </symbol>
      <symbol id="sm-5b8">
         <name>__mspabi_divd</name>
         <value>0x11650</value>
         <object_component_ref idref="oc-51b"/>
      </symbol>
      <symbol id="sm-5d3">
         <name>__TI_frcdivd</name>
         <value>0x107dc</value>
         <object_component_ref idref="oc-58e"/>
      </symbol>
      <symbol id="sm-5dc">
         <name>__mspabi_fltid</name>
         <value>0x121b0</value>
         <object_component_ref idref="oc-502"/>
      </symbol>
      <symbol id="sm-5f4">
         <name>__mspabi_fltlid</name>
         <value>0x11d1e</value>
         <object_component_ref idref="oc-57d"/>
      </symbol>
      <symbol id="sm-5fd">
         <name>__mspabi_fltud</name>
         <value>0x121cc</value>
         <object_component_ref idref="oc-521"/>
      </symbol>
      <symbol id="sm-612">
         <name>__mspabi_fltuld</name>
         <value>0x11e4a</value>
         <object_component_ref idref="oc-596"/>
      </symbol>
      <symbol id="sm-633">
         <name>__mspabi_mpyd</name>
         <value>0x111a2</value>
         <object_component_ref idref="oc-4fc"/>
      </symbol>
      <symbol id="sm-643">
         <name>__TI_frcmpyd</name>
         <value>0x10f22</value>
         <object_component_ref idref="oc-570"/>
      </symbol>
      <symbol id="sm-64c">
         <name>__mspabi_mpyi_f5hw</name>
         <value>0x12116</value>
         <object_component_ref idref="oc-5bf"/>
      </symbol>
      <symbol id="sm-655">
         <name>__mspabi_mpyl_f5hw</name>
         <value>0x120d0</value>
         <object_component_ref idref="oc-5d7"/>
      </symbol>
      <symbol id="sm-668">
         <name>__mspabi_slll_9</name>
         <value>0x11fea</value>
         <object_component_ref idref="oc-5dc"/>
      </symbol>
      <symbol id="sm-669">
         <name>__mspabi_slll_8</name>
         <value>0x11fee</value>
         <object_component_ref idref="oc-5dc"/>
      </symbol>
      <symbol id="sm-66a">
         <name>__mspabi_slll_7</name>
         <value>0x11ff2</value>
         <object_component_ref idref="oc-5dc"/>
      </symbol>
      <symbol id="sm-66b">
         <name>__mspabi_slll_6</name>
         <value>0x11ff6</value>
         <object_component_ref idref="oc-5dc"/>
      </symbol>
      <symbol id="sm-66c">
         <name>__mspabi_slll_5</name>
         <value>0x11ffa</value>
         <object_component_ref idref="oc-5dc"/>
      </symbol>
      <symbol id="sm-66d">
         <name>__mspabi_slll_4</name>
         <value>0x11ffe</value>
         <object_component_ref idref="oc-5dc"/>
      </symbol>
      <symbol id="sm-66e">
         <name>__mspabi_slll_3</name>
         <value>0x12002</value>
         <object_component_ref idref="oc-5dc"/>
      </symbol>
      <symbol id="sm-66f">
         <name>__mspabi_slll_2</name>
         <value>0x12006</value>
         <object_component_ref idref="oc-5dc"/>
      </symbol>
      <symbol id="sm-670">
         <name>__mspabi_slll_1</name>
         <value>0x1200a</value>
         <object_component_ref idref="oc-5dc"/>
      </symbol>
      <symbol id="sm-671">
         <name>__mspabi_slll</name>
         <value>0x12190</value>
         <object_component_ref idref="oc-5ec"/>
      </symbol>
      <symbol id="sm-672">
         <name>__mspabi_slll_15</name>
         <value>0x11fd2</value>
         <object_component_ref idref="oc-5dc"/>
      </symbol>
      <symbol id="sm-673">
         <name>__mspabi_slll_14</name>
         <value>0x11fd6</value>
         <object_component_ref idref="oc-5dc"/>
      </symbol>
      <symbol id="sm-674">
         <name>__mspabi_slll_13</name>
         <value>0x11fda</value>
         <object_component_ref idref="oc-5dc"/>
      </symbol>
      <symbol id="sm-675">
         <name>__mspabi_slll_12</name>
         <value>0x11fde</value>
         <object_component_ref idref="oc-5dc"/>
      </symbol>
      <symbol id="sm-676">
         <name>__mspabi_slll_11</name>
         <value>0x11fe2</value>
         <object_component_ref idref="oc-5dc"/>
      </symbol>
      <symbol id="sm-677">
         <name>__mspabi_slll_10</name>
         <value>0x11fe6</value>
         <object_component_ref idref="oc-5dc"/>
      </symbol>
      <symbol id="sm-687">
         <name>__mspabi_sral</name>
         <value>0x12180</value>
         <object_component_ref idref="oc-5f6"/>
      </symbol>
      <symbol id="sm-688">
         <name>__mspabi_sral_15</name>
         <value>0x11f94</value>
         <object_component_ref idref="oc-5d2"/>
      </symbol>
      <symbol id="sm-689">
         <name>__mspabi_sral_14</name>
         <value>0x11f98</value>
         <object_component_ref idref="oc-5d2"/>
      </symbol>
      <symbol id="sm-68a">
         <name>__mspabi_sral_13</name>
         <value>0x11f9c</value>
         <object_component_ref idref="oc-5d2"/>
      </symbol>
      <symbol id="sm-68b">
         <name>__mspabi_sral_12</name>
         <value>0x11fa0</value>
         <object_component_ref idref="oc-5d2"/>
      </symbol>
      <symbol id="sm-68c">
         <name>__mspabi_sral_11</name>
         <value>0x11fa4</value>
         <object_component_ref idref="oc-5d2"/>
      </symbol>
      <symbol id="sm-68d">
         <name>__mspabi_sral_10</name>
         <value>0x11fa8</value>
         <object_component_ref idref="oc-5d2"/>
      </symbol>
      <symbol id="sm-68e">
         <name>__mspabi_sral_8</name>
         <value>0x11fb0</value>
         <object_component_ref idref="oc-5d2"/>
      </symbol>
      <symbol id="sm-68f">
         <name>__mspabi_sral_9</name>
         <value>0x11fac</value>
         <object_component_ref idref="oc-5d2"/>
      </symbol>
      <symbol id="sm-690">
         <name>__mspabi_sral_6</name>
         <value>0x11fb8</value>
         <object_component_ref idref="oc-5d2"/>
      </symbol>
      <symbol id="sm-691">
         <name>__mspabi_sral_7</name>
         <value>0x11fb4</value>
         <object_component_ref idref="oc-5d2"/>
      </symbol>
      <symbol id="sm-692">
         <name>__mspabi_sral_4</name>
         <value>0x11fc0</value>
         <object_component_ref idref="oc-5d2"/>
      </symbol>
      <symbol id="sm-693">
         <name>__mspabi_sral_5</name>
         <value>0x11fbc</value>
         <object_component_ref idref="oc-5d2"/>
      </symbol>
      <symbol id="sm-694">
         <name>__mspabi_sral_2</name>
         <value>0x11fc8</value>
         <object_component_ref idref="oc-5d2"/>
      </symbol>
      <symbol id="sm-695">
         <name>__mspabi_sral_3</name>
         <value>0x11fc4</value>
         <object_component_ref idref="oc-5d2"/>
      </symbol>
      <symbol id="sm-696">
         <name>__mspabi_sral_1</name>
         <value>0x11fcc</value>
         <object_component_ref idref="oc-5d2"/>
      </symbol>
      <symbol id="sm-6a6">
         <name>__mspabi_srll_8</name>
         <value>0x1202c</value>
         <object_component_ref idref="oc-5e1"/>
      </symbol>
      <symbol id="sm-6a7">
         <name>__mspabi_srll_9</name>
         <value>0x12028</value>
         <object_component_ref idref="oc-5e1"/>
      </symbol>
      <symbol id="sm-6a8">
         <name>__mspabi_srll_6</name>
         <value>0x12034</value>
         <object_component_ref idref="oc-5e1"/>
      </symbol>
      <symbol id="sm-6a9">
         <name>__mspabi_srll_7</name>
         <value>0x12030</value>
         <object_component_ref idref="oc-5e1"/>
      </symbol>
      <symbol id="sm-6aa">
         <name>__mspabi_srll_4</name>
         <value>0x1203c</value>
         <object_component_ref idref="oc-5e1"/>
      </symbol>
      <symbol id="sm-6ab">
         <name>__mspabi_srll_5</name>
         <value>0x12038</value>
         <object_component_ref idref="oc-5e1"/>
      </symbol>
      <symbol id="sm-6ac">
         <name>__mspabi_srll_2</name>
         <value>0x12044</value>
         <object_component_ref idref="oc-5e1"/>
      </symbol>
      <symbol id="sm-6ad">
         <name>__mspabi_srll_3</name>
         <value>0x12040</value>
         <object_component_ref idref="oc-5e1"/>
      </symbol>
      <symbol id="sm-6ae">
         <name>__mspabi_srll_1</name>
         <value>0x12048</value>
         <object_component_ref idref="oc-5e1"/>
      </symbol>
      <symbol id="sm-6af">
         <name>__mspabi_srll_15</name>
         <value>0x12010</value>
         <object_component_ref idref="oc-5e1"/>
      </symbol>
      <symbol id="sm-6b0">
         <name>__mspabi_srll_14</name>
         <value>0x12014</value>
         <object_component_ref idref="oc-5e1"/>
      </symbol>
      <symbol id="sm-6b1">
         <name>__mspabi_srll_13</name>
         <value>0x12018</value>
         <object_component_ref idref="oc-5e1"/>
      </symbol>
      <symbol id="sm-6b2">
         <name>__mspabi_srll_12</name>
         <value>0x1201c</value>
         <object_component_ref idref="oc-5e1"/>
      </symbol>
      <symbol id="sm-6b3">
         <name>__mspabi_srll_11</name>
         <value>0x12020</value>
         <object_component_ref idref="oc-5e1"/>
      </symbol>
      <symbol id="sm-6b4">
         <name>__mspabi_srll_10</name>
         <value>0x12024</value>
         <object_component_ref idref="oc-5e1"/>
      </symbol>
      <symbol id="sm-6b5">
         <name>__mspabi_srll</name>
         <value>0x121a0</value>
         <object_component_ref idref="oc-5f1"/>
      </symbol>
      <symbol id="sm-6bf">
         <name>__mspabi_subd</name>
         <value>0x1204e</value>
         <object_component_ref idref="oc-527"/>
      </symbol>
      <symbol id="sm-6cf">
         <name>_c_int00_noargs_mpu</name>
         <value>0x750a</value>
         <object_component_ref idref="oc-41b"/>
      </symbol>
      <symbol id="sm-6d0">
         <name>_stack</name>
         <value>0x2360</value>
         <object_component_ref idref="oc-3c4"/>
      </symbol>
      <symbol id="sm-6d1">
         <name>_reset_vector</name>
         <value>0xfffe</value>
         <object_component_ref idref="oc-3c7"/>
      </symbol>
      <symbol id="sm-6da">
         <name>__mpu_init</name>
         <value>0x12080</value>
         <object_component_ref idref="oc-464"/>
      </symbol>
      <symbol id="sm-6fe">
         <name>__TI_auto_init_nobinit_nopinit_hold_wdt</name>
         <value>0x11f40</value>
         <object_component_ref idref="oc-4ce"/>
      </symbol>
      <symbol id="sm-707">
         <name>_system_post_cinit</name>
         <value>0x121dc</value>
         <object_component_ref idref="oc-543"/>
      </symbol>
      <symbol id="sm-710">
         <name>_system_pre_init</name>
         <value>0x121d8</value>
         <object_component_ref idref="oc-44c"/>
      </symbol>
      <symbol id="sm-720">
         <name>C$$EXIT</name>
         <value>0x121d2</value>
         <object_component_ref idref="oc-4aa"/>
      </symbol>
      <symbol id="sm-721">
         <name>abort</name>
         <value>0x121d2</value>
         <object_component_ref idref="oc-4aa"/>
      </symbol>
      <symbol id="sm-731">
         <name>memcpy</name>
         <value>0x1215a</value>
         <object_component_ref idref="oc-3d3"/>
      </symbol>
   </symbol_table>
   <title>Link successful</title>
</link_info>
